%!Adobe-FontList 1.14
%Locale:0x419

%BeginFont
Handler:DirectoryHandler
FontType:TrueType
FontName:Arial-BoldMT
FamilyName:Arial
StyleName:Bold
MenuName:Arial
StyleBits:2
WeightClass:700
WidthClass:5
AngleClass:0
FullName:Arial Bold
WritingScript:Roman
OutlineFileName:\Arial Bold.ttf
DataFormat:sfntData
FileLength:750984
FileModTime:1343406618
%EndFont

%BeginFont
Handler:DirectoryHandler
FontType:Type1
FontName:BodoniCondensedCyr
FamilyName:Bodoni Condensed Cyr
MenuName:Bodoni Condensed Cyr
StyleBits:0
FullName:Bodoni Condensed Cyr
FamilyNameNative:
StyleNameNative:
FullNameNative:
WritingScript:Cyrillic
OutlineFileName:\BodonConCyr
DataFormat:POSTResource
UsesStandardEncoding:no
isCFF:no
FileLength:57485
FileModTime:1101070256
DesignSize:-1
%EndFont

%BeginFont
Handler:DirectoryHandler
FontType:Type1
FontName:BodoniCyr
FamilyName:Bodoni Cyr
MenuName:Bodoni Cyr
StyleBits:0
FullName:Bodoni Cyr
FamilyNameNative:
StyleNameNative:
FullNameNative:
WritingScript:Cyrillic
OutlineFileName:\BodonCyr
DataFormat:POSTResource
UsesStandardEncoding:no
isCFF:no
FileLength:58048
FileModTime:1101070256
DesignSize:-1
%EndFont

%BeginFont
Handler:DirectoryHandler
FontType:Suitcase
FontName:BodoniCondensedCyr
OutlineFileName:\Bodoni Condensed Cyr
ResourceID:19898
MacStyle:0
FileLength:6185
FileModTime:1101070256
%EndFont

%BeginFont
Handler:DirectoryHandler
FontType:Suitcase
FontName:BodoniCyr
OutlineFileName:\Bodoni Cyr
ResourceID:19884
MacStyle:0
FileLength:27461
FileModTime:1101070256
%EndFont

%BeginFont
Handler:DirectoryHandler
FontType:Suitcase
FontName:BodoniCyr-Bold
OutlineFileName:\Bodoni Cyr
ResourceID:19884
MacStyle:1
FileLength:27461
FileModTime:1101070256
%EndFont

%BeginFont
Handler:DirectoryHandler
FontType:Suitcase
FontName:BodoniCyr-Italic
OutlineFileName:\Bodoni Cyr
ResourceID:19884
MacStyle:2
FileLength:27461
FileModTime:1101070256
%EndFont

%BeginFont
Handler:DirectoryHandler
FontType:Suitcase
FontName:BodoniCyr-BoldItalic
OutlineFileName:\Bodoni Cyr
ResourceID:19884
MacStyle:3
FileLength:27461
FileModTime:1101070256
%EndFont

%BeginFont
Handler:DirectoryHandler
FontType:Type1
FontName:Bodoni72C-Italic
FamilyName:Bodoni72C
StyleName:Italic
MenuName:Bodoni72C
StyleBits:1
WeightClass:400
WidthClass:5
AngleClass:1
FullName:Bodoni72C Italic
FamilyNameNative:
StyleNameNative:Italic
FullNameNative:
WritingScript:Cyrillic
OutlineFileName:\Bodoni72C-Italic_0.otf
DataFormat:sfntData
UsesStandardEncoding:no
isCFF:yes
FileLength:52744
FileModTime:1302629146
%EndFont

%BeginFont
Handler:DirectoryHandler
FontType:Type1
FontName:Bodoni72OSC-Italic
FamilyName:Bodoni72OSC
StyleName:Italic
MenuName:Bodoni72OSC
StyleBits:1
WeightClass:400
WidthClass:5
AngleClass:1
FullName:Bodoni72OSC Italic
FamilyNameNative:
StyleNameNative:Italic
FullNameNative:
WritingScript:Cyrillic
OutlineFileName:\Bodoni72OSC-Italic_0.otf
DataFormat:sfntData
UsesStandardEncoding:no
isCFF:yes
FileLength:52840
FileModTime:1302629146
%EndFont

%BeginFont
Handler:DirectoryHandler
FontType:Type1
FontName:Bodoni72OSC
FamilyName:Bodoni72OSC
StyleName:Regular
MenuName:Bodoni72OSC
StyleBits:0
WeightClass:400
WidthClass:5
AngleClass:0
FullName:Bodoni72OSC
FamilyNameNative:
StyleNameNative:Regular
FullNameNative:
WritingScript:Cyrillic
OutlineFileName:\Bodoni72OSC_0.otf
DataFormat:sfntData
UsesStandardEncoding:no
isCFF:yes
FileLength:53312
FileModTime:1302629146
%EndFont

%BeginFont
Handler:DirectoryHandler
FontType:Type1
FontName:FuturaLight
FamilyName:FuturaLight
StyleName:Regular
MenuName:FuturaLight
StyleBits:0
WeightClass:400
WidthClass:5
AngleClass:0
FullName:FuturaLight
WritingScript:Roman
OutlineFileName:\FTR35.otf
DataFormat:sfntData
UsesStandardEncoding:yes
isCFF:yes
FileLength:52704
FileModTime:1098875290
%EndFont

%BeginFont
Handler:DirectoryHandler
FontType:Type1
FontName:FuturaMedium
FamilyName:FuturaMedium
StyleName:Regular
MenuName:FuturaMedium
StyleBits:0
WeightClass:400
WidthClass:5
AngleClass:0
FullName:FuturaMedium
WritingScript:Roman
OutlineFileName:\FTR55.otf
DataFormat:sfntData
UsesStandardEncoding:yes
isCFF:yes
FileLength:60320
FileModTime:1098875438
%EndFont

%BeginFont
Handler:DirectoryHandler
FontType:Type1
FontName:MinionPro-Regular
FamilyName:Minion Pro
StyleName:Regular
MenuName:Minion Pro
StyleBits:0
WeightClass:400
WidthClass:5
AngleClass:0
FullName:Minion Pro
WritingScript:Roman
OutlineFileName:\MinionPro-Regular.otf
DataFormat:sfntData
UsesStandardEncoding:yes
isCFF:yes
FileLength:217280
FileModTime:1340041100
DesignSize:110
%EndFont

